<testsuites name="results">
  <testsuite name="all" package="all">
    <property name="random_seed" value="1747764639" />
    <testcase name="dut_test" classname="dut_test" file="/mnt/c/Users/Ki/Desktop/projects/setup-vamC01-1/tests/dut_test.py" lineno="5" time="0.015444278717041016" sim_time_ns="4.001" ratio_time="259.0603338170367" />
  </testsuite>
</testsuites>
